# Li Haiquan
# Jilin University of Chemical Technology, China
# ORCID: https://orcid.org/0009-0000-7365-6535
# Email: lihaiquan@jluct.edu.cn
# third-party independent reproduction
# host: PC-202607051001
# build command: lake env lean -o MotherEquation_CoreVerification.olean -i MotherEquation_CoreVerification.ilean MotherEquation_CoreVerification.lean
# exit code: 0
# elapsed_ms: 7912
# toolchain: Lean (version 4.34.0-rc2, x86_64-w64-windows-gnu, commit 6a10ac8c22beadecabdbb0919c2b50214762f91d, Release)
# mathlib: v4.34.0-rc2 (local cache already present; this run did not download)
# source sha256: 9b01ead8329ecd2a447d7cd0346501aa6fc4d89a8d7b210524b4b31272fcb570
# source: parent folder, MotherEquation_CoreVerification.lean

'MotherEquation.gK_eig_chiAB' depends on axioms: [propext, Classical.choice, Quot.sound]
'MotherEquation.spectrum_complete' depends on axioms: [propext, Classical.choice, Quot.sound]
'MotherEquation.energy_expansion' depends on axioms: [propext, Classical.choice, Quot.sound]
'MotherEquation.chiAB_pure_energy_negative' depends on axioms: [propext, Classical.choice, Quot.sound]
'MotherEquation.collapse_eig_sym' depends on axioms: [propext, Classical.choice, Quot.sound]
'MotherEquation.jet_eigenvalue' depends on axioms: [propext, Classical.choice, Quot.sound]
'MotherEquation.jet_energy' depends on axioms: [propext, Classical.choice, Quot.sound]
'MotherEquation.jet_negative' depends on axioms: [propext, Classical.choice, Quot.sound]
'MotherEquation.phase_cliff' depends on axioms: [propext, Classical.choice, Quot.sound]
'MotherEquation.mother_equation_core_certificate' depends on axioms: [propext, Classical.choice, Quot.sound]
'MotherEquation.V4.chiAB_is_hom' does not depend on any axioms
'MotherEquation.V4.orbit_generic_distinct' does not depend on any axioms
